::1 - - [08/Oct/2025 19:49:38] "GET /index.html HTTP/1.1" 200 -
::1 - - [08/Oct/2025 19:49:57] "GET / HTTP/1.1" 304 -
::1 - - [08/Oct/2025 19:50:17] "GET /js/notebook.js HTTP/1.1" 200 -
::1 - - [08/Oct/2025 19:50:21] "GET / HTTP/1.1" 304 -
::1 - - [08/Oct/2025 19:50:38] "GET /index.html HTTP/1.1" 200 -
::1 - - [08/Oct/2025 19:50:38] "GET /js/concepts.js HTTP/1.1" 200 -
::1 - - [08/Oct/2025 19:50:38] "GET /js/notebook.js HTTP/1.1" 200 -
::1 - - [08/Oct/2025 19:50:38] "GET /css/styles.css HTTP/1.1" 200 -
::1 - - [08/Oct/2025 19:50:38] "GET /js/main.js HTTP/1.1" 200 -
::1 - - [08/Oct/2025 19:50:38] "GET /js/layout.js HTTP/1.1" 304 -
::1 - - [08/Oct/2025 19:50:38] "GET /js/python-engine.js HTTP/1.1" 200 -
::1 - - [08/Oct/2025 19:50:38] "GET /js/terminal.js HTTP/1.1" 304 -
::1 - - [08/Oct/2025 19:50:38] "GET /js/storage.js HTTP/1.1" 304 -
::1 - - [08/Oct/2025 19:50:38] code 404, message File not found
::1 - - [08/Oct/2025 19:50:38] "GET /favicon.ico HTTP/1.1" 404 -
::1 - - [08/Oct/2025 19:56:52] "GET /index.html HTTP/1.1" 304 -
::1 - - [08/Oct/2025 19:56:52] "GET /css/styles.css HTTP/1.1" 200 -
::1 - - [08/Oct/2025 19:56:52] "GET /js/concepts.js HTTP/1.1" 304 -
::1 - - [08/Oct/2025 19:56:52] "GET /js/notebook.js HTTP/1.1" 200 -
::1 - - [08/Oct/2025 19:56:52] "GET /js/main.js HTTP/1.1" 304 -
